Microchip MPLAB XC8 Compiler V1.34 ()

Linker command line:

--edf=D:\Arquivos de Programas\Microchip\xc8\v1.34\dat\en_msgs.txt -cs \
  -h+dist/default/production\lm75.X.production.sym \
  --cmf=dist/default/production\lm75.X.production.cmf -z -Q18F2523 \
  -oC:\Users\Raphael\AppData\Local\Temp\selg.6 \
  -Mdist/default/production/lm75.X.production.map -E1 -ver=XC8 \
  -ASTACK=080h-05ffh -pstack=STACK -ACODE=00h-07FFFh -ACONST=00h-07FFFh \
  -ASMALLCONST=0600h-06FFhx122 -AMEDIUMCONST=0600h-07FFFh -ACOMRAM=01h-07Fh \
  -AABS1=00h-05FFh -ABIGRAM=01h-05FFh -ARAM=080h-0FFh,0100h-01FFhx5 \
  -ABANK0=080h-0FFh -ABANK1=0100h-01FFh -ABANK2=0200h-02FFh \
  -ABANK3=0300h-03FFh -ABANK4=0400h-04FFh -ABANK5=0500h-05FFh \
  -ASFR=0F80h-0FFFh -preset_vec=00h,intcode,intcodelo,powerup,init,end_init \
  -pramtop=0600h -psmallconst=SMALLCONST -pmediumconst=MEDIUMCONST \
  -pconst=CONST -AFARRAM=00h-00h -ACONFIG=0300000h-030000Dh -pconfig=CONFIG \
  -AIDLOC=0200000h-0200007h -pidloc=IDLOC -AEEDATA=0F00000h-0F000FFh \
  -peeprom_data=EEDATA \
  -prdata=COMRAM,nvrram=COMRAM,nvbit=COMRAM,rbss=COMRAM,rbit=COMRAM \
  -pfarbss=FARRAM,fardata=FARRAM,nvFARRAM=FARRAM \
  -pintsave_regs=BIGRAM,bigbss=BIGRAM,bigdata=BIGRAM -pbss=RAM \
  -pidata=CODE,irdata=CODE,ibigdata=CODE,ifardata=CODE -prparam=COMRAM \
  C:\Users\Raphael\AppData\Local\Temp\selg.obj \
  dist/default/production\lm75.X.production.obj 

Object code version is 3.11

Machine type is 18F2523

Call graph: (short form)




                Name                               Link     Load   Length Selector   Space Scale
C:\Users\Raphael\AppData\Local\Temp\selg.obj
                end_init                              0        0        4        0       0
                idloc                            200000   200000        8   200000       0
                config                           300000   300000        E   300000       0
dist/default/production\lm75.X.production.obj
                smallconst                          600      600       90      300       0
                text40                             1E92     1E92       26      348       0
                text39                             1F70     1F70        4      348       0
                text38                             1EEE     1EEE       1A      348       0
                text37                             1F08     1F08       18      348       0
                text36                             1D3C     1D3C       3E      348       0
                text35                             1F5A     1F5A        C      348       0
                text34                             1F4E     1F4E        C      348       0
                text33                             1F42     1F42        C      348       0
                text32                             1E1A     1E1A       2C      348       0
                text31                             19A8     19A8       88      348       0
                text30                             1DB0     1DB0       36      348       0
                text29                             1670     1670       BA      348       0
                text28                             1C9A     1C9A       56      348       0
                text27                             1BE8     1BE8       5A      348       0
                text26                             1F32     1F32       10      348       0
                text25                             1F20     1F20       12      348       0
                text24                             1340     1340       D6      348       0
                text23                             17E2     17E2       A0      348       0
                text22                             126A     126A       D6      348       0
                text21                             1920     1920       88      348       0
                text20                             1C42     1C42       58      348       0
                text19                             1ED4     1ED4       1A      348       0
                text18                             1118     1118      152      348       0
                text17                             1D7A     1D7A       36      348       0
                text16                             172A     172A       B8      348       0
                text15                             1AA8     1AA8       76      348       0
                text14                             1B86     1B86       62      348       0
                text13                             1CF0     1CF0       4C      348       0
                text12                             1E6C     1E6C       26      348       0
                text11                             15B2     15B2       BE      348       0
                text10                             1416     1416       D0      348       0
                text9                              14E6     14E6       CC      348       0
                text8                              1DE6     1DE6       34      348       0
                text7                              1E46     1E46       26      348       0
                text6                               FC6      FC6      152      348       0
                text5                              1EB8     1EB8       1C      348       0
                text4                              1A30     1A30       78      348       0
                text3                              1B1E     1B1E       68      348       0
                text2                               D5C      D5C      26A      348       0
                text1                               690      690      6CC      348       0
                text0                              1882     1882       9E      348       0
                cstackCOMRAM                          1        1       6A        1       1
                cinit                              1F66     1F66        A      348       0

TOTAL           Name                               Link     Load   Length     Space
        CLASS   STACK          

        CLASS   CODE           
                end_init                              0        0        4         0
                text40                             1E92     1E92       26         0
                text39                             1F70     1F70        4         0
                text38                             1EEE     1EEE       1A         0
                text37                             1F08     1F08       18         0
                text36                             1D3C     1D3C       3E         0
                text35                             1F5A     1F5A        C         0
                text34                             1F4E     1F4E        C         0
                text33                             1F42     1F42        C         0
                text32                             1E1A     1E1A       2C         0
                text31                             19A8     19A8       88         0
                text30                             1DB0     1DB0       36         0
                text29                             1670     1670       BA         0
                text28                             1C9A     1C9A       56         0
                text27                             1BE8     1BE8       5A         0
                text26                             1F32     1F32       10         0
                text25                             1F20     1F20       12         0
                text24                             1340     1340       D6         0
                text23                             17E2     17E2       A0         0
                text22                             126A     126A       D6         0
                text21                             1920     1920       88         0
                text20                             1C42     1C42       58         0
                text19                             1ED4     1ED4       1A         0
                text18                             1118     1118      152         0
                text17                             1D7A     1D7A       36         0
                text16                             172A     172A       B8         0
                text15                             1AA8     1AA8       76         0
                text14                             1B86     1B86       62         0
                text13                             1CF0     1CF0       4C         0
                text12                             1E6C     1E6C       26         0
                text11                             15B2     15B2       BE         0
                text10                             1416     1416       D0         0
                text9                              14E6     14E6       CC         0
                text8                              1DE6     1DE6       34         0
                text7                              1E46     1E46       26         0
                text6                               FC6      FC6      152         0
                text5                              1EB8     1EB8       1C         0
                text4                              1A30     1A30       78         0
                text3                              1B1E     1B1E       68         0
                text2                               D5C      D5C      26A         0
                text1                               690      690      6CC         0
                text0                              1882     1882       9E         0
                cinit                              1F66     1F66        A         0

        CLASS   CONST          

        CLASS   SMALLCONST     
                smallconst                          600      600       90         0

        CLASS   MEDIUMCONST    

        CLASS   COMRAM         
                cstackCOMRAM                          1        1       6A         1

        CLASS   ABS1           

        CLASS   BIGRAM         

        CLASS   RAM            

        CLASS   BANK0          

        CLASS   BANK1          

        CLASS   BANK2          

        CLASS   BANK3          

        CLASS   BANK4          

        CLASS   BANK5          

        CLASS   SFR            

        CLASS   FARRAM         

        CLASS   CONFIG         
                config                           300000   300000        E         0

        CLASS   IDLOC          
                idloc                            200000   200000        8         0

        CLASS   EEDATA         



SEGMENTS        Name                           Load    Length   Top    Selector   Space  Class

                reset_vec                      000000  000004  000004         0       0  CODE    
                cstackCOMRAM                   000001  00006A  00006B         1       1  COMRAM  
                smallconst                     000600  000090  000690       300       0  SMALLCON
                text1                          000690  0018E4  001F74       348       0  CODE    
                idloc                          200000  000008  200008    200000       0  IDLOC   
                config                         300000  00000E  30000E    300000       0  CONFIG  


UNUSED ADDRESS RANGES

        Name                Unused          Largest block    Delta
        BANK0            000080-0000FF               80
        BANK1            000100-0001FF              100
        BANK2            000200-0002FF              100
        BANK3            000300-0003FF              100
        BANK4            000400-0004FF              100
        BANK5            000500-0005FF              100
        BIGRAM           00006B-0005FF              595
        CODE             000004-0005FF              5FC
                         001F74-007FFF             608C
        COMRAM           00006B-00007F               15
        CONST            000004-0005FF              5FC
                         001F74-007FFF             608C
        EEDATA           F00000-F000FF              100
        MEDIUMCONST      001F74-007FFF             608C
        RAM              000080-0005FF              100
        SFR              000F80-000FFF               80
        SMALLCONST       001F74-007FFF              100
        STACK            000080-0005FF              580

                                  Symbol Table

?_LM75_Read_Temp             cstackCOMRAM 000022
?_LM75_regdata2float         cstackCOMRAM 00001C
?___awdiv                    cstackCOMRAM 000007
?___awmod                    cstackCOMRAM 000001
?___awtoft                   cstackCOMRAM 000009
?___ftadd                    cstackCOMRAM 00002C
?___ftdiv                    cstackCOMRAM 00000D
?___ftmul                    cstackCOMRAM 00000F
?___ftneg                    cstackCOMRAM 000001
?___ftpack                   cstackCOMRAM 000001
?___ftsub                    cstackCOMRAM 000038
?___fttol                    cstackCOMRAM 000029
?___lldiv                    cstackCOMRAM 000001
?___llmod                    cstackCOMRAM 000001
?___lltoft                   cstackCOMRAM 000009
?___wmul                     cstackCOMRAM 000001
?__div_to_l_                 cstackCOMRAM 000001
?__tdiv_to_l_                cstackCOMRAM 000001
?_fround                     cstackCOMRAM 00001E
?_scale                      cstackCOMRAM 00001E
?_sprintf                    cstackCOMRAM 00003E
Delay_ms@count               cstackCOMRAM 000001
Delay_ms@i                   cstackCOMRAM 000004
I2C_Init@clock_output        cstackCOMRAM 000001
I2C_ReadByte@acknowledge     cstackCOMRAM 000002
I2C_ReadByte@buffer_I2C      cstackCOMRAM 000003
I2C_WriteByte@data_out       cstackCOMRAM 000002
LM75_Read_Temp@LSB           cstackCOMRAM 000029
LM75_Read_Temp@MSB           cstackCOMRAM 00002A
LM75_Read_Temp@word0         cstackCOMRAM 000027
LM75_regdata2float@regdata   cstackCOMRAM 00001C
Lcd_CharCP@c                 cstackCOMRAM 000004
Lcd_Command@command          cstackCOMRAM 000004
Lcd_Init@data                cstackCOMRAM 000005
Lcd_Text@buffer              cstackCOMRAM 000006
Lcd_Text@data                cstackCOMRAM 000009
Lcd_Text@x                   cstackCOMRAM 000005
Lcd_Text@y                   cstackCOMRAM 000008
PL10                         text1        000CD6
PL12                         text1        000D02
PL14                         text2        000F40
PL16                         text2        000F66
PL18                         text6        00110A
PL2                          text2        000F10
PL20                         text1        000D10
PL22                         text2        000F76
PL24                         text2        000F94
PL26                         text1        000D24
PL28                         text22       0012EA
PL30                         text24       0013C0
PL32                         text22       001302
PL34                         text24       0013D8
PL36                         text22       00131A
PL38                         text2        000FA2
PL4                          text2        000F28
PL40                         text24       0013F0
PL42                         text22       001330
PL44                         text24       001406
PL46                         text18       00125A
PL48                         text2        000FAC
PL50                         text2        000FBC
PL52                         text23       001866
PL54                         text1        000D40
PL56                         text23       001874
PL58                         text9        0015A4
PL6                          text1        000C84
PL60                         text1        000D4E
PL62                         text31       001A26
PL8                          text1        000CC0
_ADCON1                      (abs)        000FC1
_CMCON                       (abs)        000FB4
_Delay_ms                    text40       001E92
_I2C_Close                   text39       001F70
_I2C_Idle                    text37       001F08
_I2C_Init                    text38       001EEE
_I2C_ReadByte                text36       001D3C
_I2C_RepeatedStart           text35       001F5A
_I2C_Start                   text34       001F4E
_I2C_Stop                    text33       001F42
_I2C_WriteByte               text32       001E1A
_LATBbits                    (abs)        000F8A
_LM75_Read_Temp              text27       001BE8
_LM75_regdata2float          text28       001C9A
_LM75_regdata2float$1236     cstackCOMRAM 00001F
_Lcd_CharCP                  text22       00126A
_Lcd_Command                 text24       001340
_Lcd_Delay5500us             text26       001F32
_Lcd_Delay5us                text25       001F20
_Lcd_Init                    text23       0017E2
_Lcd_Text                    text21       001920
_PORTA                       (abs)        000F80
_PORTB                       (abs)        000F81
_PORTC                       (abs)        000F82
_SSPADD                      (abs)        000FC8
_SSPBUF                      (abs)        000FC9
_SSPCON1                     (abs)        000FC6
_SSPCON1bits                 (abs)        000FC6
_SSPCON2                     (abs)        000FC5
_SSPCON2bits                 (abs)        000FC5
_SSPSTAT                     (abs)        000FC7
_SSPSTATbits                 (abs)        000FC7
_TRISA                       (abs)        000F92
_TRISBbits                   (abs)        000F93
_TRISCbits                   (abs)        000F94
__CFG_BOREN$OFF              (abs)        000000
__CFG_BORV$3                 (abs)        000000
__CFG_CCP2MX$PORTC           (abs)        000000
__CFG_CP0$OFF                (abs)        000000
__CFG_CP1$OFF                (abs)        000000
__CFG_CP2$OFF                (abs)        000000
__CFG_CP3$OFF                (abs)        000000
__CFG_CPB$OFF                (abs)        000000
__CFG_CPD$OFF                (abs)        000000
__CFG_EBTR0$OFF              (abs)        000000
__CFG_EBTR1$OFF              (abs)        000000
__CFG_EBTR2$OFF              (abs)        000000
__CFG_EBTR3$OFF              (abs)        000000
__CFG_EBTRB$OFF              (abs)        000000
__CFG_FCMEN$OFF              (abs)        000000
__CFG_IESO$OFF               (abs)        000000
__CFG_LPT1OSC$OFF            (abs)        000000
__CFG_LVP$OFF                (abs)        000000
__CFG_MCLRE$ON               (abs)        000000
__CFG_OSC$HS                 (abs)        000000
__CFG_PBADEN$OFF             (abs)        000000
__CFG_PWRT$ON                (abs)        000000
__CFG_STVREN$OFF             (abs)        000000
__CFG_WDT$OFF                (abs)        000000
__CFG_WDTPS$32768            (abs)        000000
__CFG_WRT0$OFF               (abs)        000000
__CFG_WRT1$OFF               (abs)        000000
__CFG_WRT2$OFF               (abs)        000000
__CFG_WRT3$OFF               (abs)        000000
__CFG_WRTB$OFF               (abs)        000000
__CFG_WRTC$OFF               (abs)        000000
__CFG_WRTD$OFF               (abs)        000000
__CFG_XINST$OFF              (abs)        000000
__HRAM                       (abs)        000000
__Habs1                      abs1         000000
__Hbank0                     bank0        000000
__Hbank1                     bank1        000000
__Hbank2                     bank2        000000
__Hbank3                     bank3        000000
__Hbank4                     bank4        000000
__Hbank5                     bank5        000000
__Hbigbss                    bigbss       000000
__Hbigdata                   bigdata      000000
__Hbigram                    bigram       000000
__Hbss                       bss          000000
__Hcinit                     cinit        000000
__Hclrtext                   clrtext      000000
__Hcomram                    comram       000000
__Hconfig                    config       30000E
__Hconst                     const        000000
__HcstackCOMRAM              cstackCOMRAM 000000
__Hdata                      data         000000
__Heeprom_data               eeprom_data  000000
__Hend_init                  end_init     000004
__Hfarbss                    farbss       000000
__Hfardata                   fardata      000000
__Hibigdata                  ibigdata     000000
__Hidata                     idata        000000
__Hidloc                     idloc        200008
__Hifardata                  ifardata     000000
__Hinit                      init         000000
__Hintcode                   intcode      000000
__Hintcode_body              intcode_body 000000
__Hintcodelo                 intcodelo    000000
__Hintentry                  intentry     000000
__Hintret                    intret       000000
__Hintsave_regs              intsave_regs 000000
__Hirdata                    irdata       000000
__Hmediumconst               mediumconst  000000
__HnvFARRAM                  nvFARRAM     000000
__Hnvbit                     nvbit        000000
__Hnvrram                    nvrram       000000
__Hpa_nodes                  pa_nodes     000000
__Hparam                     rparam       000000
__Hpowerup                   powerup      000000
__Hram                       ram          000000
__Hramtop                    ramtop       000600
__Hrbit                      rbit         000000
__Hrbss                      rbss         000000
__Hrdata                     rdata        000000
__Hreset_vec                 reset_vec    000000
__Hrparam                    rparam       000000
__Hsfr                       sfr          000000
__Hsmallconst                smallconst   000690
__Hspace_0                   (abs)        30000E
__Hspace_1                   (abs)        00006B
__Hspace_2                   (abs)        000000
__Hstack                     stack        000000
__Hstruct                    struct       000000
__Htemp                      temp         000000
__Htext                      text         000000
__Htext0                     text0        000000
__Htext1                     text1        000000
__Htext10                    text10       000000
__Htext11                    text11       000000
__Htext12                    text12       000000
__Htext13                    text13       000000
__Htext14                    text14       000000
__Htext15                    text15       000000
__Htext16                    text16       000000
__Htext17                    text17       000000
__Htext18                    text18       000000
__Htext19                    text19       000000
__Htext2                     text2        000000
__Htext20                    text20       000000
__Htext21                    text21       000000
__Htext22                    text22       000000
__Htext23                    text23       000000
__Htext24                    text24       000000
__Htext25                    text25       000000
__Htext26                    text26       000000
__Htext27                    text27       000000
__Htext28                    text28       000000
__Htext29                    text29       000000
__Htext3                     text3        000000
__Htext30                    text30       000000
__Htext31                    text31       000000
__Htext32                    text32       000000
__Htext33                    text33       000000
__Htext34                    text34       000000
__Htext35                    text35       000000
__Htext36                    text36       000000
__Htext37                    text37       000000
__Htext38                    text38       000000
__Htext39                    text39       000000
__Htext4                     text4        000000
__Htext40                    text40       000000
__Htext5                     text5        000000
__Htext6                     text6        000000
__Htext7                     text7        000000
__Htext8                     text8        000000
__Htext9                     text9        000000
__LRAM                       (abs)        000001
__Labs1                      abs1         000000
__Lbank0                     bank0        000000
__Lbank1                     bank1        000000
__Lbank2                     bank2        000000
__Lbank3                     bank3        000000
__Lbank4                     bank4        000000
__Lbank5                     bank5        000000
__Lbigbss                    bigbss       000000
__Lbigdata                   bigdata      000000
__Lbigram                    bigram       000000
__Lbss                       bss          000000
__Lcinit                     cinit        000000
__Lclrtext                   clrtext      000000
__Lcomram                    comram       000000
__Lconfig                    config       300000
__Lconst                     const        000000
__LcstackCOMRAM              cstackCOMRAM 000000
__Ldata                      data         000000
__Leeprom_data               eeprom_data  000000
__Lend_init                  end_init     000000
__Lfarbss                    farbss       000000
__Lfardata                   fardata      000000
__Libigdata                  ibigdata     000000
__Lidata                     idata        000000
__Lidloc                     idloc        200000
__Lifardata                  ifardata     000000
__Linit                      init         000000
__Lintcode                   intcode      000000
__Lintcode_body              intcode_body 000000
__Lintcodelo                 intcodelo    000000
__Lintentry                  intentry     000000
__Lintret                    intret       000000
__Lintsave_regs              intsave_regs 000000
__Lirdata                    irdata       000000
__Lmediumconst               mediumconst  000000
__LnvFARRAM                  nvFARRAM     000000
__Lnvbit                     nvbit        000000
__Lnvrram                    nvrram       000000
__Lpa_nodes                  pa_nodes     000000
__Lparam                     rparam       000000
__Lpowerup                   powerup      000000
__Lram                       ram          000000
__Lramtop                    ramtop       000600
__Lrbit                      rbit         000000
__Lrbss                      rbss         000000
__Lrdata                     rdata        000000
__Lreset_vec                 reset_vec    000000
__Lrparam                    rparam       000000
__Lsfr                       sfr          000000
__Lsmallconst                smallconst   000600
__Lspace_0                   (abs)        000000
__Lspace_1                   (abs)        000000
__Lspace_2                   (abs)        000000
__Lstack                     stack        000000
__Lstruct                    struct       000000
__Ltemp                      temp         000000
__Ltext                      text         000000
__Ltext0                     text0        000000
__Ltext1                     text1        000000
__Ltext10                    text10       000000
__Ltext11                    text11       000000
__Ltext12                    text12       000000
__Ltext13                    text13       000000
__Ltext14                    text14       000000
__Ltext15                    text15       000000
__Ltext16                    text16       000000
__Ltext17                    text17       000000
__Ltext18                    text18       000000
__Ltext19                    text19       000000
__Ltext2                     text2        000000
__Ltext20                    text20       000000
__Ltext21                    text21       000000
__Ltext22                    text22       000000
__Ltext23                    text23       000000
__Ltext24                    text24       000000
__Ltext25                    text25       000000
__Ltext26                    text26       000000
__Ltext27                    text27       000000
__Ltext28                    text28       000000
__Ltext29                    text29       000000
__Ltext3                     text3        000000
__Ltext30                    text30       000000
__Ltext31                    text31       000000
__Ltext32                    text32       000000
__Ltext33                    text33       000000
__Ltext34                    text34       000000
__Ltext35                    text35       000000
__Ltext36                    text36       000000
__Ltext37                    text37       000000
__Ltext38                    text38       000000
__Ltext39                    text39       000000
__Ltext4                     text4        000000
__Ltext40                    text40       000000
__Ltext5                     text5        000000
__Ltext6                     text6        000000
__Ltext7                     text7        000000
__Ltext8                     text8        000000
__Ltext9                     text9        000000
__S0                         (abs)        30000E
__S1                         (abs)        00006B
__S2                         (abs)        000000
___awdiv                     text4        001A30
___awdiv@counter             cstackCOMRAM 00000B
___awdiv@dividend            cstackCOMRAM 000007
___awdiv@divisor             cstackCOMRAM 000009
___awdiv@quotient            cstackCOMRAM 00000D
___awdiv@sign                cstackCOMRAM 00000C
___awmod                     text3        001B1E
___awmod@counter             cstackCOMRAM 000005
___awmod@dividend            cstackCOMRAM 000001
___awmod@divisor             cstackCOMRAM 000003
___awmod@sign                cstackCOMRAM 000006
___awtoft                    text30       001DB0
___awtoft@c                  cstackCOMRAM 000009
___awtoft@sign               cstackCOMRAM 00000C
___ftadd                     text18       001118
___ftadd@exp1                cstackCOMRAM 000037
___ftadd@exp2                cstackCOMRAM 000036
___ftadd@f1                  cstackCOMRAM 00002C
___ftadd@f2                  cstackCOMRAM 00002F
___ftadd@sign                cstackCOMRAM 000035
___ftdiv                     text29       001670
___ftdiv@cntr                cstackCOMRAM 000016
___ftdiv@exp                 cstackCOMRAM 00001A
___ftdiv@f1                  cstackCOMRAM 00000D
___ftdiv@f2                  cstackCOMRAM 000010
___ftdiv@f3                  cstackCOMRAM 000017
___ftdiv@sign                cstackCOMRAM 00001B
___ftge                      text20       001C42
___ftge@ff1                  cstackCOMRAM 000001
___ftge@ff2                  cstackCOMRAM 000004
___ftmul                     text9        0014E6
___ftmul@cntr                cstackCOMRAM 00001C
___ftmul@exp                 cstackCOMRAM 000018
___ftmul@f1                  cstackCOMRAM 00000F
___ftmul@f2                  cstackCOMRAM 000012
___ftmul@f3_as_product       cstackCOMRAM 000019
___ftmul@sign                cstackCOMRAM 00001D
___ftneg                     text19       001ED4
___ftneg@f1                  cstackCOMRAM 000001
___ftpack                    text31       0019A8
___ftpack@arg                cstackCOMRAM 000001
___ftpack@exp                cstackCOMRAM 000004
___ftpack@sign               cstackCOMRAM 000005
___ftsub                     text17       001D7A
___ftsub@f1                  cstackCOMRAM 000038
___ftsub@f2                  cstackCOMRAM 00003B
___fttol                     text16       00172A
___fttol@exp1                cstackCOMRAM 000037
___fttol@f1                  cstackCOMRAM 000029
___fttol@lval                cstackCOMRAM 000033
___fttol@sign1               cstackCOMRAM 000032
___inthi_sp                  stack        000000
___intlo_sp                  stack        000000
___lbdiv                     text8        001DE6
___lbdiv@counter             cstackCOMRAM 000007
___lbdiv@dividend            cstackCOMRAM 000006
___lbdiv@divisor             cstackCOMRAM 000005
___lbdiv@quotient            cstackCOMRAM 000008
___lbmod                     text7        001E46
___lbmod@counter             cstackCOMRAM 000003
___lbmod@dividend            cstackCOMRAM 000002
___lbmod@divisor             cstackCOMRAM 000001
___lbmod@rem                 cstackCOMRAM 000004
___lldiv                     text15       001AA8
___lldiv@counter             cstackCOMRAM 00000D
___lldiv@dividend            cstackCOMRAM 000001
___lldiv@divisor             cstackCOMRAM 000005
___lldiv@quotient            cstackCOMRAM 000009
___llmod                     text14       001B86
___llmod@counter             cstackCOMRAM 000009
___llmod@dividend            cstackCOMRAM 000001
___llmod@divisor             cstackCOMRAM 000005
___lltoft                    text13       001CF0
___lltoft@c                  cstackCOMRAM 000009
___lltoft@exp                cstackCOMRAM 000011
___param_bank                (abs)        000010
___rparam_used               (abs)        000001
___sp                        stack        000000
___wmul                      text12       001E6C
___wmul@multiplicand         cstackCOMRAM 000003
___wmul@multiplier           cstackCOMRAM 000001
___wmul@product              cstackCOMRAM 000005
__accesstop                  (abs)        000080
__activetblptr               (abs)        000002
__div_to_l_                  text11       0015B2
__div_to_l_@cntr             cstackCOMRAM 00000B
__div_to_l_@exp1             cstackCOMRAM 00000C
__div_to_l_@f1               cstackCOMRAM 000001
__div_to_l_@f2               cstackCOMRAM 000004
__div_to_l_@quot             cstackCOMRAM 000007
__end_ofPL10                 text1        000D02
__end_ofPL12                 text1        000D10
__end_ofPL14                 text2        000F66
__end_ofPL16                 text2        000F76
__end_ofPL18                 text6        001118
__end_ofPL2                  text2        000F28
__end_ofPL20                 text1        000D24
__end_ofPL22                 text2        000F94
__end_ofPL24                 text2        000FA2
__end_ofPL26                 text1        000D40
__end_ofPL28                 text22       001302
__end_ofPL30                 text24       0013D8
__end_ofPL32                 text22       00131A
__end_ofPL34                 text24       0013F0
__end_ofPL36                 text22       001330
__end_ofPL38                 text2        000FAC
__end_ofPL4                  text2        000F40
__end_ofPL40                 text24       001406
__end_ofPL42                 text22       001340
__end_ofPL44                 text24       001416
__end_ofPL46                 text18       00126A
__end_ofPL48                 text2        000FBC
__end_ofPL50                 text2        000FC6
__end_ofPL52                 text23       001874
__end_ofPL54                 text1        000D4E
__end_ofPL56                 text23       001882
__end_ofPL58                 text9        0015B2
__end_ofPL6                  text1        000CC0
__end_ofPL60                 text1        000D5C
__end_ofPL62                 text31       001A30
__end_ofPL8                  text1        000CD6
__end_of_Delay_ms            text40       001EB8
__end_of_I2C_Close           text39       001F74
__end_of_I2C_Idle            text37       001F20
__end_of_I2C_Init            text38       001F08
__end_of_I2C_ReadByte        text36       001D7A
__end_of_I2C_RepeatedStart   text35       001F66
__end_of_I2C_Start           text34       001F5A
__end_of_I2C_Stop            text33       001F4E
__end_of_I2C_WriteByte       text32       001E46
__end_of_LM75_Read_Temp      text27       001C42
__end_of_LM75_regdata2float  text28       001CF0
__end_of_Lcd_CharCP          text22       0012EA
__end_of_Lcd_Command         text24       0013C0
__end_of_Lcd_Delay5500us     text26       001F42
__end_of_Lcd_Delay5us        text25       001F32
__end_of_Lcd_Init            text23       001866
__end_of_Lcd_Text            text21       0019A8
__end_of___awdiv             text4        001AA8
__end_of___awmod             text3        001B86
__end_of___awtoft            text30       001DE6
__end_of___ftadd             text18       00125A
__end_of___ftdiv             text29       00172A
__end_of___ftge              text20       001C9A
__end_of___ftmul             text9        0015A4
__end_of___ftneg             text19       001EEE
__end_of___ftpack            text31       001A26
__end_of___ftsub             text17       001DB0
__end_of___fttol             text16       0017E2
__end_of___lbdiv             text8        001E1A
__end_of___lbmod             text7        001E6C
__end_of___lldiv             text15       001B1E
__end_of___llmod             text14       001BE8
__end_of___lltoft            text13       001D3C
__end_of___wmul              text12       001E92
__end_of__div_to_l_          text11       001670
__end_of__initialization     cinit        001F66
__end_of__npowers_           smallconst   000628
__end_of__powers_            smallconst   00064F
__end_of__tdiv_to_l_         text10       0014E6
__end_of_dpowers             smallconst   000677
__end_of_fround              text6        00110A
__end_of_isdigit             text5        001ED4
__end_of_main                text0        001920
__end_of_scale               text2        000F10
__end_of_sprintf             text1        000C84
__initialization             cinit        001F66
__mediumconst                mediumconst  000000
__npowers_                   smallconst   000601
__pcinit                     cinit        001F66
__pcstackCOMRAM              cstackCOMRAM 000001
__powers_                    smallconst   000628
__psmallconst                smallconst   000600
__ptext0                     text0        001882
__ptext1                     text1        000690
__ptext10                    text10       001416
__ptext11                    text11       0015B2
__ptext12                    text12       001E6C
__ptext13                    text13       001CF0
__ptext14                    text14       001B86
__ptext15                    text15       001AA8
__ptext16                    text16       00172A
__ptext17                    text17       001D7A
__ptext18                    text18       001118
__ptext19                    text19       001ED4
__ptext2                     text2        000D5C
__ptext20                    text20       001C42
__ptext21                    text21       001920
__ptext22                    text22       00126A
__ptext23                    text23       0017E2
__ptext24                    text24       001340
__ptext25                    text25       001F20
__ptext26                    text26       001F32
__ptext27                    text27       001BE8
__ptext28                    text28       001C9A
__ptext29                    text29       001670
__ptext3                     text3        001B1E
__ptext30                    text30       001DB0
__ptext31                    text31       0019A8
__ptext32                    text32       001E1A
__ptext33                    text33       001F42
__ptext34                    text34       001F4E
__ptext35                    text35       001F5A
__ptext36                    text36       001D3C
__ptext37                    text37       001F08
__ptext38                    text38       001EEE
__ptext39                    text39       001F70
__ptext4                     text4        001A30
__ptext40                    text40       001E92
__ptext5                     text5        001EB8
__ptext6                     text6        000FC6
__ptext7                     text7        001E46
__ptext8                     text8        001DE6
__ptext9                     text9        0014E6
__ramtop                     ramtop       000600
__size_of_Delay_ms           (abs)        000000
__size_of_I2C_Close          (abs)        000000
__size_of_I2C_Idle           (abs)        000000
__size_of_I2C_Init           (abs)        000000
__size_of_I2C_ReadByte       (abs)        000000
__size_of_I2C_RepeatedStart  (abs)        000000
__size_of_I2C_Start          (abs)        000000
__size_of_I2C_Stop           (abs)        000000
__size_of_I2C_WriteByte      (abs)        000000
__size_of_LM75_Read_Temp     (abs)        000000
__size_of_LM75_regdata2float (abs)        000000
__size_of_Lcd_CharCP         (abs)        000000
__size_of_Lcd_Command        (abs)        000000
__size_of_Lcd_Delay5500us    (abs)        000000
__size_of_Lcd_Delay5us       (abs)        000000
__size_of_Lcd_Init           (abs)        000000
__size_of_Lcd_Text           (abs)        000000
__size_of___awdiv            (abs)        000000
__size_of___awmod            (abs)        000000
__size_of___awtoft           (abs)        000000
__size_of___ftadd            (abs)        000000
__size_of___ftdiv            (abs)        000000
__size_of___ftge             (abs)        000000
__size_of___ftmul            (abs)        000000
__size_of___ftneg            (abs)        000000
__size_of___ftpack           (abs)        000000
__size_of___ftsub            (abs)        000000
__size_of___fttol            (abs)        000000
__size_of___lbdiv            (abs)        000000
__size_of___lbmod            (abs)        000000
__size_of___lldiv            (abs)        000000
__size_of___llmod            (abs)        000000
__size_of___lltoft           (abs)        000000
__size_of___wmul             (abs)        000000
__size_of__div_to_l_         (abs)        000000
__size_of__tdiv_to_l_        (abs)        000000
__size_of_fround             (abs)        000000
__size_of_isdigit            (abs)        000000
__size_of_main               (abs)        000000
__size_of_scale              (abs)        000000
__size_of_sprintf            (abs)        000000
__smallconst                 smallconst   000600
__tdiv_to_l_                 text10       001416
__tdiv_to_l_@cntr            cstackCOMRAM 00000E
__tdiv_to_l_@exp1            cstackCOMRAM 00000F
__tdiv_to_l_@f1              cstackCOMRAM 000001
__tdiv_to_l_@f2              cstackCOMRAM 000004
__tdiv_to_l_@quot            cstackCOMRAM 00000A
_dpowers                     smallconst   00064F
_fround                      text6        000FC6
_fround$1237                 cstackCOMRAM 000028
_fround$1238                 cstackCOMRAM 000025
_isdigit                     text5        001EB8
_isdigit$956                 cstackCOMRAM 000002
_main                        text0        001882
_scale                       text2        000D5C
_scale$1239                  cstackCOMRAM 000025
_sprintf                     text1        000690
_sprintf$1240                cstackCOMRAM 000048
end_of_initialization        cinit        001F66
fround@prec                  cstackCOMRAM 00002B
intlevel0                    text         000000
intlevel1                    text         000000
intlevel2                    text         000000
intlevel3                    text         000000
isdigit@c                    cstackCOMRAM 000003
main@temp                    cstackCOMRAM 000061
scale@scl                    cstackCOMRAM 000028
sprintf@ap                   cstackCOMRAM 00004B
sprintf@c                    cstackCOMRAM 000060
sprintf@exp                  cstackCOMRAM 000058
sprintf@f                    cstackCOMRAM 00003E
sprintf@flag                 cstackCOMRAM 000050
sprintf@fval                 cstackCOMRAM 00005A
sprintf@prec                 cstackCOMRAM 00005E
sprintf@sp                   cstackCOMRAM 00005D
sprintf@tmpval               cstackCOMRAM 000054
sprintf@val                  cstackCOMRAM 00004C
sprintf@width                cstackCOMRAM 000052
stackhi                      (abs)        0005FF
stacklo                      (abs)        000080
start                        init         000000
start_initialization         cinit        001F66


FUNCTION INFORMATION:

 *************** function _main *****************
 Defined at:
		line 26 in file "main.c"
 Parameters:    Size  Location     Type
		None
 Auto vars:     Size  Location     Type
  temp           10   96[COMRAM] unsigned char [10]
 Return value:  Size  Location     Type
		None               void
 Registers used:
		wreg, fsr0l, fsr0h, fsr2l, fsr2h, status,2, status,0, tblptrl, tblptrh, tblptru, prodl, prodh, cstack
 Tracked objects:
		On entry : 
		On exit  : 
		Unchanged: 
 Data sizes:     COMRAM   BANK0   BANK1   BANK2   BANK3   BANK4   BANK5
      Params:         0       0       0       0       0       0       0
      Locals:        10       0       0       0       0       0       0
      Temps:          0       0       0       0       0       0       0
      Totals:        10       0       0       0       0       0       0
Total ram usage:       10 bytes
 Hardware stack levels required when called:    4
 This function calls:
		_Delay_ms
		_I2C_Close
		_I2C_Init
		_LM75_Read_Temp
		_Lcd_CharCP
		_Lcd_Command
		_Lcd_Init
		_Lcd_Text
		_sprintf
 This function is called by:
		Startup code after reset
 This function uses a non-reentrant model


 *************** function _sprintf *****************
 Defined at:
		line 492 in file "D:\Arquivos de Programas\Microchip\xc8\v1.34\sources\common\doprnt.c"
 Parameters:    Size  Location     Type
  sp              1    wreg     PTR unsigned char 
		 -> main@temp(10), 
  f               1   61[COMRAM] PTR const unsigned char 
		 -> STR_4(6), STR_3(6), 
 Auto vars:     Size  Location     Type
  sp              1   92[COMRAM] PTR unsigned char 
		 -> main@temp(10), 
  tmpval          4   83[COMRAM] struct .
  val             4   75[COMRAM] unsigned long 
  fval            3   89[COMRAM] unsigned long 
  cp              3    0        PTR const unsigned char 
  prec            2   93[COMRAM] int 
  exp             2   87[COMRAM] int 
  width           2   81[COMRAM] int 
  flag            2   79[COMRAM] unsigned short 
  len             2    0        unsigned int 
  c               1   95[COMRAM] char 
  ap              1   74[COMRAM] PTR void [1]
		 -> ?_sprintf(2), 
  d               1    0        unsigned char 
 Return value:  Size  Location     Type
                  2   61[COMRAM] int 
 Registers used:
		wreg, fsr2l, fsr2h, status,2, status,0, tblptrl, tblptrh, tblptru, prodl, prodh, cstack
 Tracked objects:
		On entry : 
		On exit  : 
		Unchanged: 
 Data sizes:     COMRAM   BANK0   BANK1   BANK2   BANK3   BANK4   BANK5
      Params:         4       0       0       0       0       0       0
      Locals:        25       0       0       0       0       0       0
      Temps:          6       0       0       0       0       0       0
      Totals:        35       0       0       0       0       0       0
Total ram usage:       35 bytes
 Hardware stack levels used:    1
 Hardware stack levels required when called:    3
 This function calls:
		___awdiv
		___ftadd
		___ftge
		___ftmul
		___ftneg
		___ftsub
		___fttol
		___lldiv
		___llmod
		___lltoft
		___wmul
		__div_to_l_
		__tdiv_to_l_
		_fround
		_isdigit
		_scale
 This function is called by:
		_main
 This function uses a non-reentrant model


 *************** function _scale *****************
 Defined at:
		line 425 in file "D:\Arquivos de Programas\Microchip\xc8\v1.34\sources\common\doprnt.c"
 Parameters:    Size  Location     Type
  scl             1    wreg     char 
 Auto vars:     Size  Location     Type
  scl             1   39[COMRAM] char 
 Return value:  Size  Location     Type
                  3   29[COMRAM] char 
 Registers used:
		wreg, status,2, status,0, tblptrl, tblptrh, tblptru, prodl, prodh, cstack
 Tracked objects:
		On entry : 
		On exit  : 
		Unchanged: 
 Data sizes:     COMRAM   BANK0   BANK1   BANK2   BANK3   BANK4   BANK5
      Params:         3       0       0       0       0       0       0
      Locals:         4       0       0       0       0       0       0
      Temps:          4       0       0       0       0       0       0
      Totals:        11       0       0       0       0       0       0
Total ram usage:       11 bytes
 Hardware stack levels used:    1
 Hardware stack levels required when called:    2
 This function calls:
		___awdiv
		___awmod
		___ftmul
 This function is called by:
		_sprintf
 This function uses a non-reentrant model


 *************** function ___awmod *****************
 Defined at:
		line 8 in file "D:\Arquivos de Programas\Microchip\xc8\v1.34\sources\common\awmod.c"
 Parameters:    Size  Location     Type
  dividend        2    0[COMRAM] int 
  divisor         2    2[COMRAM] int 
 Auto vars:     Size  Location     Type
  sign            1    5[COMRAM] unsigned char 
  counter         1    4[COMRAM] unsigned char 
 Return value:  Size  Location     Type
                  2    0[COMRAM] int 
 Registers used:
		wreg, status,2, status,0
 Tracked objects:
		On entry : 
		On exit  : 
		Unchanged: 
 Data sizes:     COMRAM   BANK0   BANK1   BANK2   BANK3   BANK4   BANK5
      Params:         4       0       0       0       0       0       0
      Locals:         2       0       0       0       0       0       0
      Temps:          0       0       0       0       0       0       0
      Totals:         6       0       0       0       0       0       0
Total ram usage:        6 bytes
 Hardware stack levels used:    1
 This function calls:
		Nothing
 This function is called by:
		_scale
 This function uses a non-reentrant model


 *************** function ___awdiv *****************
 Defined at:
		line 8 in file "D:\Arquivos de Programas\Microchip\xc8\v1.34\sources\common\awdiv.c"
 Parameters:    Size  Location     Type
  dividend        2    6[COMRAM] int 
  divisor         2    8[COMRAM] int 
 Auto vars:     Size  Location     Type
  quotient        2   12[COMRAM] int 
  sign            1   11[COMRAM] unsigned char 
  counter         1   10[COMRAM] unsigned char 
 Return value:  Size  Location     Type
                  2    6[COMRAM] int 
 Registers used:
		wreg, status,2, status,0
 Tracked objects:
		On entry : 
		On exit  : 
		Unchanged: 
 Data sizes:     COMRAM   BANK0   BANK1   BANK2   BANK3   BANK4   BANK5
      Params:         4       0       0       0       0       0       0
      Locals:         4       0       0       0       0       0       0
      Temps:          0       0       0       0       0       0       0
      Totals:         8       0       0       0       0       0       0
Total ram usage:        8 bytes
 Hardware stack levels used:    1
 This function calls:
		Nothing
 This function is called by:
		_scale
		_sprintf
 This function uses a non-reentrant model


 *************** function _isdigit *****************
 Defined at:
		line 8 in file "D:\Arquivos de Programas\Microchip\xc8\v1.34\sources\common\isdigit.c"
 Parameters:    Size  Location     Type
  c               1    wreg     unsigned char 
 Auto vars:     Size  Location     Type
  c               1    2[COMRAM] unsigned char 
 Return value:  Size  Location     Type
		None               void
 Registers used:
		wreg, status,2, status,0
 Tracked objects:
		On entry : 
		On exit  : 
		Unchanged: 
 Data sizes:     COMRAM   BANK0   BANK1   BANK2   BANK3   BANK4   BANK5
      Params:         0       0       0       0       0       0       0
      Locals:         2       0       0       0       0       0       0
      Temps:          1       0       0       0       0       0       0
      Totals:         3       0       0       0       0       0       0
Total ram usage:        3 bytes
 Hardware stack levels used:    1
 This function calls:
		Nothing
 This function is called by:
		_sprintf
 This function uses a non-reentrant model


 *************** function _fround *****************
 Defined at:
		line 409 in file "D:\Arquivos de Programas\Microchip\xc8\v1.34\sources\common\doprnt.c"
 Parameters:    Size  Location     Type
  prec            1    wreg     unsigned char 
 Auto vars:     Size  Location     Type
  prec            1   42[COMRAM] unsigned char 
 Return value:  Size  Location     Type
                  3   29[COMRAM] unsigned char 
 Registers used:
		wreg, status,2, status,0, tblptrl, tblptrh, tblptru, prodl, prodh, cstack
 Tracked objects:
		On entry : 
		On exit  : 
		Unchanged: 
 Data sizes:     COMRAM   BANK0   BANK1   BANK2   BANK3   BANK4   BANK5
      Params:         3       0       0       0       0       0       0
      Locals:         7       0       0       0       0       0       0
      Temps:          4       0       0       0       0       0       0
      Totals:        14       0       0       0       0       0       0
Total ram usage:       14 bytes
 Hardware stack levels used:    1
 Hardware stack levels required when called:    2
 This function calls:
		___ftmul
		___lbdiv
		___lbmod
 This function is called by:
		_sprintf
 This function uses a non-reentrant model


 *************** function ___lbmod *****************
 Defined at:
		line 4 in file "D:\Arquivos de Programas\Microchip\xc8\v1.34\sources\common\lbmod.c"
 Parameters:    Size  Location     Type
  dividend        1    wreg     unsigned char 
  divisor         1    0[COMRAM] unsigned char 
 Auto vars:     Size  Location     Type
  dividend        1    1[COMRAM] unsigned char 
  rem             1    3[COMRAM] unsigned char 
  counter         1    2[COMRAM] unsigned char 
 Return value:  Size  Location     Type
                  1    wreg      unsigned char 
 Registers used:
		wreg, status,2, status,0
 Tracked objects:
		On entry : 
		On exit  : 
		Unchanged: 
 Data sizes:     COMRAM   BANK0   BANK1   BANK2   BANK3   BANK4   BANK5
      Params:         1       0       0       0       0       0       0
      Locals:         3       0       0       0       0       0       0
      Temps:          0       0       0       0       0       0       0
      Totals:         4       0       0       0       0       0       0
Total ram usage:        4 bytes
 Hardware stack levels used:    1
 This function calls:
		Nothing
 This function is called by:
		_fround
 This function uses a non-reentrant model


 *************** function ___lbdiv *****************
 Defined at:
		line 4 in file "D:\Arquivos de Programas\Microchip\xc8\v1.34\sources\common\lbdiv.c"
 Parameters:    Size  Location     Type
  dividend        1    wreg     unsigned char 
  divisor         1    4[COMRAM] unsigned char 
 Auto vars:     Size  Location     Type
  dividend        1    5[COMRAM] unsigned char 
  quotient        1    7[COMRAM] unsigned char 
  counter         1    6[COMRAM] unsigned char 
 Return value:  Size  Location     Type
                  1    wreg      unsigned char 
 Registers used:
		wreg, status,2, status,0
 Tracked objects:
		On entry : 
		On exit  : 
		Unchanged: 
 Data sizes:     COMRAM   BANK0   BANK1   BANK2   BANK3   BANK4   BANK5
      Params:         1       0       0       0       0       0       0
      Locals:         3       0       0       0       0       0       0
      Temps:          0       0       0       0       0       0       0
      Totals:         4       0       0       0       0       0       0
Total ram usage:        4 bytes
 Hardware stack levels used:    1
 This function calls:
		Nothing
 This function is called by:
		_fround
 This function uses a non-reentrant model


 *************** function ___ftmul *****************
 Defined at:
		line 62 in file "D:\Arquivos de Programas\Microchip\xc8\v1.34\sources\common\ftmul.c"
 Parameters:    Size  Location     Type
  f1              3   14[COMRAM] float 
  f2              3   17[COMRAM] float 
 Auto vars:     Size  Location     Type
  f3_as_produc    3   24[COMRAM] unsigned um
  sign            1   28[COMRAM] unsigned char 
  cntr            1   27[COMRAM] unsigned char 
  exp             1   23[COMRAM] unsigned char 
 Return value:  Size  Location     Type
                  3   14[COMRAM] float 
 Registers used:
		wreg, status,2, status,0, cstack
 Tracked objects:
		On entry : 
		On exit  : 
		Unchanged: 
 Data sizes:     COMRAM   BANK0   BANK1   BANK2   BANK3   BANK4   BANK5
      Params:         6       0       0       0       0       0       0
      Locals:         6       0       0       0       0       0       0
      Temps:          3       0       0       0       0       0       0
      Totals:        15       0       0       0       0       0       0
Total ram usage:       15 bytes
 Hardware stack levels used:    1
 Hardware stack levels required when called:    1
 This function calls:
		___ftpack
 This function is called by:
		_fround
		_scale
		_sprintf
 This function uses a non-reentrant model


 *************** function __tdiv_to_l_ *****************
 Defined at:
		line 60 in file "D:\Arquivos de Programas\Microchip\xc8\v1.34\sources\common\ftdivl.c"
 Parameters:    Size  Location     Type
  f1              3    0[COMRAM] float 
  f2              3    3[COMRAM] float 
 Auto vars:     Size  Location     Type
  quot            4    9[COMRAM] unsigned long 
  exp1            1   14[COMRAM] unsigned char 
  cntr            1   13[COMRAM] unsigned char 
 Return value:  Size  Location     Type
                  4    0[COMRAM] unsigned long 
 Registers used:
		wreg, status,2, status,0
 Tracked objects:
		On entry : 
		On exit  : 
		Unchanged: 
 Data sizes:     COMRAM   BANK0   BANK1   BANK2   BANK3   BANK4   BANK5
      Params:         6       0       0       0       0       0       0
      Locals:         6       0       0       0       0       0       0
      Temps:          3       0       0       0       0       0       0
      Totals:        15       0       0       0       0       0       0
Total ram usage:       15 bytes
 Hardware stack levels used:    1
 This function calls:
		Nothing
 This function is called by:
		_sprintf
 This function uses a non-reentrant model


 *************** function __div_to_l_ *****************
 Defined at:
		line 60 in file "D:\Arquivos de Programas\Microchip\xc8\v1.34\sources\common\fldivl.c"
 Parameters:    Size  Location     Type
  f1              3    0[COMRAM] unsigned long 
  f2              3    3[COMRAM] unsigned long 
 Auto vars:     Size  Location     Type
  quot            4    6[COMRAM] unsigned long 
  exp1            1   11[COMRAM] unsigned char 
  cntr            1   10[COMRAM] unsigned char 
 Return value:  Size  Location     Type
                  4    0[COMRAM] unsigned long 
 Registers used:
		wreg, status,2, status,0
 Tracked objects:
		On entry : 
		On exit  : 
		Unchanged: 
 Data sizes:     COMRAM   BANK0   BANK1   BANK2   BANK3   BANK4   BANK5
      Params:         6       0       0       0       0       0       0
      Locals:         6       0       0       0       0       0       0
      Temps:          0       0       0       0       0       0       0
      Totals:        12       0       0       0       0       0       0
Total ram usage:       12 bytes
 Hardware stack levels used:    1
 This function calls:
		Nothing
 This function is called by:
		_sprintf
 This function uses a non-reentrant model


 *************** function ___wmul *****************
 Defined at:
		line 15 in file "D:\Arquivos de Programas\Microchip\xc8\v1.34\sources\common\Umul16.c"
 Parameters:    Size  Location     Type
  multiplier      2    0[COMRAM] unsigned int 
  multiplicand    2    2[COMRAM] unsigned int 
 Auto vars:     Size  Location     Type
  product         2    4[COMRAM] unsigned int 
 Return value:  Size  Location     Type
                  2    0[COMRAM] unsigned int 
 Registers used:
		wreg, status,2, status,0, prodl, prodh
 Tracked objects:
		On entry : 
		On exit  : 
		Unchanged: 
 Data sizes:     COMRAM   BANK0   BANK1   BANK2   BANK3   BANK4   BANK5
      Params:         4       0       0       0       0       0       0
      Locals:         2       0       0       0       0       0       0
      Temps:          0       0       0       0       0       0       0
      Totals:         6       0       0       0       0       0       0
Total ram usage:        6 bytes
 Hardware stack levels used:    1
 This function calls:
		Nothing
 This function is called by:
		_sprintf
 This function uses a non-reentrant model


 *************** function ___lltoft *****************
 Defined at:
		line 35 in file "D:\Arquivos de Programas\Microchip\xc8\v1.34\sources\common\lltoft.c"
 Parameters:    Size  Location     Type
  c               4    8[COMRAM] unsigned long 
 Auto vars:     Size  Location     Type
  exp             1   16[COMRAM] unsigned char 
 Return value:  Size  Location     Type
                  3    8[COMRAM] float 
 Registers used:
		wreg, status,2, status,0, cstack
 Tracked objects:
		On entry : 
		On exit  : 
		Unchanged: 
 Data sizes:     COMRAM   BANK0   BANK1   BANK2   BANK3   BANK4   BANK5
      Params:         4       0       0       0       0       0       0
      Locals:         1       0       0       0       0       0       0
      Temps:          4       0       0       0       0       0       0
      Totals:         9       0       0       0       0       0       0
Total ram usage:        9 bytes
 Hardware stack levels used:    1
 Hardware stack levels required when called:    1
 This function calls:
		___ftpack
 This function is called by:
		_sprintf
 This function uses a non-reentrant model


 *************** function ___llmod *****************
 Defined at:
		line 8 in file "D:\Arquivos de Programas\Microchip\xc8\v1.34\sources\common\llmod.c"
 Parameters:    Size  Location     Type
  dividend        4    0[COMRAM] unsigned long 
  divisor         4    4[COMRAM] unsigned long 
 Auto vars:     Size  Location     Type
  counter         1    8[COMRAM] unsigned char 
 Return value:  Size  Location     Type
                  4    0[COMRAM] unsigned long 
 Registers used:
		wreg, status,2, status,0
 Tracked objects:
		On entry : 
		On exit  : 
		Unchanged: 
 Data sizes:     COMRAM   BANK0   BANK1   BANK2   BANK3   BANK4   BANK5
      Params:         8       0       0       0       0       0       0
      Locals:         1       0       0       0       0       0       0
      Temps:          0       0       0       0       0       0       0
      Totals:         9       0       0       0       0       0       0
Total ram usage:        9 bytes
 Hardware stack levels used:    1
 This function calls:
		Nothing
 This function is called by:
		_sprintf
 This function uses a non-reentrant model


 *************** function ___lldiv *****************
 Defined at:
		line 8 in file "D:\Arquivos de Programas\Microchip\xc8\v1.34\sources\common\lldiv.c"
 Parameters:    Size  Location     Type
  dividend        4    0[COMRAM] unsigned long 
  divisor         4    4[COMRAM] unsigned long 
 Auto vars:     Size  Location     Type
  quotient        4    8[COMRAM] unsigned long 
  counter         1   12[COMRAM] unsigned char 
 Return value:  Size  Location     Type
                  4    0[COMRAM] unsigned long 
 Registers used:
		wreg, status,2, status,0
 Tracked objects:
		On entry : 
		On exit  : 
		Unchanged: 
 Data sizes:     COMRAM   BANK0   BANK1   BANK2   BANK3   BANK4   BANK5
      Params:         8       0       0       0       0       0       0
      Locals:         5       0       0       0       0       0       0
      Temps:          0       0       0       0       0       0       0
      Totals:        13       0       0       0       0       0       0
Total ram usage:       13 bytes
 Hardware stack levels used:    1
 This function calls:
		Nothing
 This function is called by:
		_sprintf
 This function uses a non-reentrant model


 *************** function ___fttol *****************
 Defined at:
		line 44 in file "D:\Arquivos de Programas\Microchip\xc8\v1.34\sources\common\fttol.c"
 Parameters:    Size  Location     Type
  f1              3   40[COMRAM] float 
 Auto vars:     Size  Location     Type
  lval            4   50[COMRAM] unsigned long 
  exp1            1   54[COMRAM] unsigned char 
  sign1           1   49[COMRAM] unsigned char 
 Return value:  Size  Location     Type
                  4   40[COMRAM] long 
 Registers used:
		wreg, status,2, status,0
 Tracked objects:
		On entry : 
		On exit  : 
		Unchanged: 
 Data sizes:     COMRAM   BANK0   BANK1   BANK2   BANK3   BANK4   BANK5
      Params:         4       0       0       0       0       0       0
      Locals:         6       0       0       0       0       0       0
      Temps:          5       0       0       0       0       0       0
      Totals:        15       0       0       0       0       0       0
Total ram usage:       15 bytes
 Hardware stack levels used:    1
 This function calls:
		Nothing
 This function is called by:
		_sprintf
 This function uses a non-reentrant model


 *************** function ___ftsub *****************
 Defined at:
		line 20 in file "D:\Arquivos de Programas\Microchip\xc8\v1.34\sources\common\ftsub.c"
 Parameters:    Size  Location     Type
  f1              3   55[COMRAM] float 
  f2              3   58[COMRAM] float 
 Auto vars:     Size  Location     Type
		None
 Return value:  Size  Location     Type
                  3   55[COMRAM] float 
 Registers used:
		wreg, status,2, status,0, cstack
 Tracked objects:
		On entry : 
		On exit  : 
		Unchanged: 
 Data sizes:     COMRAM   BANK0   BANK1   BANK2   BANK3   BANK4   BANK5
      Params:         6       0       0       0       0       0       0
      Locals:         0       0       0       0       0       0       0
      Temps:          0       0       0       0       0       0       0
      Totals:         6       0       0       0       0       0       0
Total ram usage:        6 bytes
 Hardware stack levels used:    1
 Hardware stack levels required when called:    2
 This function calls:
		___ftadd
 This function is called by:
		_sprintf
 This function uses a non-reentrant model


 *************** function ___ftadd *****************
 Defined at:
		line 86 in file "D:\Arquivos de Programas\Microchip\xc8\v1.34\sources\common\ftadd.c"
 Parameters:    Size  Location     Type
  f1              3   43[COMRAM] float 
  f2              3   46[COMRAM] float 
 Auto vars:     Size  Location     Type
  exp1            1   54[COMRAM] unsigned char 
  exp2            1   53[COMRAM] unsigned char 
  sign            1   52[COMRAM] unsigned char 
 Return value:  Size  Location     Type
                  3   43[COMRAM] float 
 Registers used:
		wreg, status,2, status,0, cstack
 Tracked objects:
		On entry : 
		On exit  : 
		Unchanged: 
 Data sizes:     COMRAM   BANK0   BANK1   BANK2   BANK3   BANK4   BANK5
      Params:         6       0       0       0       0       0       0
      Locals:         3       0       0       0       0       0       0
      Temps:          3       0       0       0       0       0       0
      Totals:        12       0       0       0       0       0       0
Total ram usage:       12 bytes
 Hardware stack levels used:    1
 Hardware stack levels required when called:    1
 This function calls:
		___ftpack
 This function is called by:
		_sprintf
		___ftsub
 This function uses a non-reentrant model


 *************** function ___ftneg *****************
 Defined at:
		line 15 in file "D:\Arquivos de Programas\Microchip\xc8\v1.34\sources\common\ftneg.c"
 Parameters:    Size  Location     Type
  f1              3    0[COMRAM] float 
 Auto vars:     Size  Location     Type
		None
 Return value:  Size  Location     Type
                  3    0[COMRAM] float 
 Registers used:
		wreg, status,2, status,0
 Tracked objects:
		On entry : 
		On exit  : 
		Unchanged: 
 Data sizes:     COMRAM   BANK0   BANK1   BANK2   BANK3   BANK4   BANK5
      Params:         3       0       0       0       0       0       0
      Locals:         0       0       0       0       0       0       0
      Temps:          0       0       0       0       0       0       0
      Totals:         3       0       0       0       0       0       0
Total ram usage:        3 bytes
 Hardware stack levels used:    1
 This function calls:
		Nothing
 This function is called by:
		_sprintf
 This function uses a non-reentrant model


 *************** function ___ftge *****************
 Defined at:
		line 4 in file "D:\Arquivos de Programas\Microchip\xc8\v1.34\sources\common\ftge.c"
 Parameters:    Size  Location     Type
  ff1             3    0[COMRAM] float 
  ff2             3    3[COMRAM] float 
 Auto vars:     Size  Location     Type
		None
 Return value:  Size  Location     Type
		None               void
 Registers used:
		wreg, status,2, status,0
 Tracked objects:
		On entry : 
		On exit  : 
		Unchanged: 
 Data sizes:     COMRAM   BANK0   BANK1   BANK2   BANK3   BANK4   BANK5
      Params:         6       0       0       0       0       0       0
      Locals:         0       0       0       0       0       0       0
      Temps:          3       0       0       0       0       0       0
      Totals:         9       0       0       0       0       0       0
Total ram usage:        9 bytes
 Hardware stack levels used:    1
 This function calls:
		Nothing
 This function is called by:
		_sprintf
 This function uses a non-reentrant model


 *************** function _Lcd_Text *****************
 Defined at:
		line 105 in file "hd44780.c"
 Parameters:    Size  Location     Type
  y               1    wreg     unsigned char 
  x               1    4[COMRAM] unsigned char 
  buffer          2    5[COMRAM] PTR unsigned char 
		 -> main@temp(10), STR_2(6), STR_1(12), 
 Auto vars:     Size  Location     Type
  y               1    7[COMRAM] unsigned char 
  data            1    8[COMRAM] unsigned char 
 Return value:  Size  Location     Type
		None               void
 Registers used:
		wreg, fsr0l, fsr0h, status,2, status,0, tblptrl, tblptrh, tblptru, cstack
 Tracked objects:
		On entry : 
		On exit  : 
		Unchanged: 
 Data sizes:     COMRAM   BANK0   BANK1   BANK2   BANK3   BANK4   BANK5
      Params:         3       0       0       0       0       0       0
      Locals:         2       0       0       0       0       0       0
      Temps:          0       0       0       0       0       0       0
      Totals:         5       0       0       0       0       0       0
Total ram usage:        5 bytes
 Hardware stack levels used:    1
 Hardware stack levels required when called:    2
 This function calls:
		_Lcd_CharCP
		_Lcd_Command
 This function is called by:
		_main
 This function uses a non-reentrant model


 *************** function _Lcd_CharCP *****************
 Defined at:
		line 167 in file "hd44780.c"
 Parameters:    Size  Location     Type
  c               1    wreg     unsigned char 
 Auto vars:     Size  Location     Type
  c               1    3[COMRAM] unsigned char 
 Return value:  Size  Location     Type
		None               void
 Registers used:
		wreg, status,2, status,0, cstack
 Tracked objects:
		On entry : 
		On exit  : 
		Unchanged: 
 Data sizes:     COMRAM   BANK0   BANK1   BANK2   BANK3   BANK4   BANK5
      Params:         0       0       0       0       0       0       0
      Locals:         1       0       0       0       0       0       0
      Temps:          2       0       0       0       0       0       0
      Totals:         3       0       0       0       0       0       0
Total ram usage:        3 bytes
 Hardware stack levels used:    1
 Hardware stack levels required when called:    1
 This function calls:
		_Lcd_Delay5500us
		_Lcd_Delay5us
 This function is called by:
		_Lcd_Text
		_main
 This function uses a non-reentrant model


 *************** function _Lcd_Init *****************
 Defined at:
		line 17 in file "hd44780.c"
 Parameters:    Size  Location     Type
		None
 Auto vars:     Size  Location     Type
  data            1    4[COMRAM] unsigned char 
 Return value:  Size  Location     Type
		None               void
 Registers used:
		wreg, status,2, status,0, cstack
 Tracked objects:
		On entry : 
		On exit  : 
		Unchanged: 
 Data sizes:     COMRAM   BANK0   BANK1   BANK2   BANK3   BANK4   BANK5
      Params:         0       0       0       0       0       0       0
      Locals:         1       0       0       0       0       0       0
      Temps:          0       0       0       0       0       0       0
      Totals:         1       0       0       0       0       0       0
Total ram usage:        1 bytes
 Hardware stack levels used:    1
 Hardware stack levels required when called:    2
 This function calls:
		_Lcd_Command
		_Lcd_Delay5500us
		_Lcd_Delay5us
 This function is called by:
		_main
 This function uses a non-reentrant model


 *************** function _Lcd_Command *****************
 Defined at:
		line 200 in file "hd44780.c"
 Parameters:    Size  Location     Type
  command         1    wreg     unsigned char 
 Auto vars:     Size  Location     Type
  command         1    3[COMRAM] unsigned char 
 Return value:  Size  Location     Type
		None               void
 Registers used:
		wreg, status,2, status,0, cstack
 Tracked objects:
		On entry : 
		On exit  : 
		Unchanged: 
 Data sizes:     COMRAM   BANK0   BANK1   BANK2   BANK3   BANK4   BANK5
      Params:         0       0       0       0       0       0       0
      Locals:         1       0       0       0       0       0       0
      Temps:          2       0       0       0       0       0       0
      Totals:         3       0       0       0       0       0       0
Total ram usage:        3 bytes
 Hardware stack levels used:    1
 Hardware stack levels required when called:    1
 This function calls:
		_Lcd_Delay5500us
		_Lcd_Delay5us
 This function is called by:
		_Lcd_Init
		_Lcd_Text
		_main
 This function uses a non-reentrant model


 *************** function _Lcd_Delay5us *****************
 Defined at:
		line 232 in file "hd44780.c"
 Parameters:    Size  Location     Type
		None
 Auto vars:     Size  Location     Type
		None
 Return value:  Size  Location     Type
		None               void
 Registers used:
		wreg
 Tracked objects:
		On entry : 
		On exit  : 
		Unchanged: 
 Data sizes:     COMRAM   BANK0   BANK1   BANK2   BANK3   BANK4   BANK5
      Params:         0       0       0       0       0       0       0
      Locals:         0       0       0       0       0       0       0
      Temps:          0       0       0       0       0       0       0
      Totals:         0       0       0       0       0       0       0
Total ram usage:        0 bytes
 Hardware stack levels used:    1
 This function calls:
		Nothing
 This function is called by:
		_Lcd_Init
		_Lcd_CharCP
		_Lcd_Command
 This function uses a non-reentrant model


 *************** function _Lcd_Delay5500us *****************
 Defined at:
		line 238 in file "hd44780.c"
 Parameters:    Size  Location     Type
		None
 Auto vars:     Size  Location     Type
		None
 Return value:  Size  Location     Type
		None               void
 Registers used:
		wreg
 Tracked objects:
		On entry : 
		On exit  : 
		Unchanged: 
 Data sizes:     COMRAM   BANK0   BANK1   BANK2   BANK3   BANK4   BANK5
      Params:         0       0       0       0       0       0       0
      Locals:         0       0       0       0       0       0       0
      Temps:          1       0       0       0       0       0       0
      Totals:         1       0       0       0       0       0       0
Total ram usage:        1 bytes
 Hardware stack levels used:    1
 This function calls:
		Nothing
 This function is called by:
		_Lcd_Init
		_Lcd_CharCP
		_Lcd_Command
 This function uses a non-reentrant model


 *************** function _LM75_Read_Temp *****************
 Defined at:
		line 75 in file "lm75.c"
 Parameters:    Size  Location     Type
		None
 Auto vars:     Size  Location     Type
  word0           2   38[COMRAM] int 
  MSB             1   41[COMRAM] unsigned char 
  LSB             1   40[COMRAM] unsigned char 
 Return value:  Size  Location     Type
                  3   33[COMRAM] float 
 Registers used:
		wreg, status,2, status,0, cstack
 Tracked objects:
		On entry : 
		On exit  : 
		Unchanged: 
 Data sizes:     COMRAM   BANK0   BANK1   BANK2   BANK3   BANK4   BANK5
      Params:         3       0       0       0       0       0       0
      Locals:         4       0       0       0       0       0       0
      Temps:          2       0       0       0       0       0       0
      Totals:         9       0       0       0       0       0       0
Total ram usage:        9 bytes
 Hardware stack levels used:    1
 Hardware stack levels required when called:    3
 This function calls:
		_I2C_ReadByte
		_I2C_RepeatedStart
		_I2C_Start
		_I2C_Stop
		_I2C_WriteByte
		_LM75_regdata2float
 This function is called by:
		_main
 This function uses a non-reentrant model


 *************** function _LM75_regdata2float *****************
 Defined at:
		line 193 in file "lm75.c"
 Parameters:    Size  Location     Type
  regdata         2   27[COMRAM] int 
 Auto vars:     Size  Location     Type
		None
 Return value:  Size  Location     Type
                  3   27[COMRAM] float 
 Registers used:
		wreg, status,2, status,0, cstack
 Tracked objects:
		On entry : 
		On exit  : 
		Unchanged: 
 Data sizes:     COMRAM   BANK0   BANK1   BANK2   BANK3   BANK4   BANK5
      Params:         3       0       0       0       0       0       0
      Locals:         3       0       0       0       0       0       0
      Temps:          0       0       0       0       0       0       0
      Totals:         6       0       0       0       0       0       0
Total ram usage:        6 bytes
 Hardware stack levels used:    1
 Hardware stack levels required when called:    2
 This function calls:
		___awtoft
		___ftdiv
 This function is called by:
		_LM75_Read_Temp
 This function uses a non-reentrant model


 *************** function ___ftdiv *****************
 Defined at:
		line 54 in file "D:\Arquivos de Programas\Microchip\xc8\v1.34\sources\common\ftdiv.c"
 Parameters:    Size  Location     Type
  f1              3   12[COMRAM] float 
  f2              3   15[COMRAM] float 
 Auto vars:     Size  Location     Type
  f3              3   22[COMRAM] float 
  sign            1   26[COMRAM] unsigned char 
  exp             1   25[COMRAM] unsigned char 
  cntr            1   21[COMRAM] unsigned char 
 Return value:  Size  Location     Type
                  3   12[COMRAM] float 
 Registers used:
		wreg, status,2, status,0, cstack
 Tracked objects:
		On entry : 
		On exit  : 
		Unchanged: 
 Data sizes:     COMRAM   BANK0   BANK1   BANK2   BANK3   BANK4   BANK5
      Params:         6       0       0       0       0       0       0
      Locals:         6       0       0       0       0       0       0
      Temps:          3       0       0       0       0       0       0
      Totals:        15       0       0       0       0       0       0
Total ram usage:       15 bytes
 Hardware stack levels used:    1
 Hardware stack levels required when called:    1
 This function calls:
		___ftpack
 This function is called by:
		_LM75_regdata2float
 This function uses a non-reentrant model


 *************** function ___awtoft *****************
 Defined at:
		line 32 in file "D:\Arquivos de Programas\Microchip\xc8\v1.34\sources\common\awtoft.c"
 Parameters:    Size  Location     Type
  c               2    8[COMRAM] int 
 Auto vars:     Size  Location     Type
  sign            1   11[COMRAM] unsigned char 
 Return value:  Size  Location     Type
                  3    8[COMRAM] float 
 Registers used:
		wreg, status,2, status,0, cstack
 Tracked objects:
		On entry : 
		On exit  : 
		Unchanged: 
 Data sizes:     COMRAM   BANK0   BANK1   BANK2   BANK3   BANK4   BANK5
      Params:         3       0       0       0       0       0       0
      Locals:         1       0       0       0       0       0       0
      Temps:          0       0       0       0       0       0       0
      Totals:         4       0       0       0       0       0       0
Total ram usage:        4 bytes
 Hardware stack levels used:    1
 Hardware stack levels required when called:    1
 This function calls:
		___ftpack
 This function is called by:
		_LM75_regdata2float
 This function uses a non-reentrant model


 *************** function ___ftpack *****************
 Defined at:
		line 62 in file "D:\Arquivos de Programas\Microchip\xc8\v1.34\sources\common\float.c"
 Parameters:    Size  Location     Type
  arg             3    0[COMRAM] unsigned um
  exp             1    3[COMRAM] unsigned char 
  sign            1    4[COMRAM] unsigned char 
 Auto vars:     Size  Location     Type
		None
 Return value:  Size  Location     Type
                  3    0[COMRAM] float 
 Registers used:
		wreg, status,2, status,0
 Tracked objects:
		On entry : 
		On exit  : 
		Unchanged: 
 Data sizes:     COMRAM   BANK0   BANK1   BANK2   BANK3   BANK4   BANK5
      Params:         5       0       0       0       0       0       0
      Locals:         0       0       0       0       0       0       0
      Temps:          3       0       0       0       0       0       0
      Totals:         8       0       0       0       0       0       0
Total ram usage:        8 bytes
 Hardware stack levels used:    1
 This function calls:
		Nothing
 This function is called by:
		___awtoft
		___ftadd
		___ftdiv
		___ftmul
		___lltoft
 This function uses a non-reentrant model


 *************** function _I2C_WriteByte *****************
 Defined at:
		line 102 in file "my_i2c.c"
 Parameters:    Size  Location     Type
  data_out        1    wreg     unsigned char 
 Auto vars:     Size  Location     Type
  data_out        1    1[COMRAM] unsigned char 
 Return value:  Size  Location     Type
                  1    wreg      unsigned char 
 Registers used:
		wreg, status,2, status,0, cstack
 Tracked objects:
		On entry : 
		On exit  : 
		Unchanged: 
 Data sizes:     COMRAM   BANK0   BANK1   BANK2   BANK3   BANK4   BANK5
      Params:         0       0       0       0       0       0       0
      Locals:         1       0       0       0       0       0       0
      Temps:          0       0       0       0       0       0       0
      Totals:         1       0       0       0       0       0       0
Total ram usage:        1 bytes
 Hardware stack levels used:    1
 Hardware stack levels required when called:    1
 This function calls:
		_I2C_Idle
 This function is called by:
		_LM75_Read_Temp
 This function uses a non-reentrant model


 *************** function _I2C_Stop *****************
 Defined at:
		line 49 in file "my_i2c.c"
 Parameters:    Size  Location     Type
		None
 Auto vars:     Size  Location     Type
		None
 Return value:  Size  Location     Type
		None               void
 Registers used:
		wreg, status,2, status,0, cstack
 Tracked objects:
		On entry : 
		On exit  : 
		Unchanged: 
 Data sizes:     COMRAM   BANK0   BANK1   BANK2   BANK3   BANK4   BANK5
      Params:         0       0       0       0       0       0       0
      Locals:         0       0       0       0       0       0       0
      Temps:          0       0       0       0       0       0       0
      Totals:         0       0       0       0       0       0       0
Total ram usage:        0 bytes
 Hardware stack levels used:    1
 Hardware stack levels required when called:    1
 This function calls:
		_I2C_Idle
 This function is called by:
		_LM75_Read_Temp
 This function uses a non-reentrant model


 *************** function _I2C_Start *****************
 Defined at:
		line 25 in file "my_i2c.c"
 Parameters:    Size  Location     Type
		None
 Auto vars:     Size  Location     Type
		None
 Return value:  Size  Location     Type
		None               void
 Registers used:
		wreg, status,2, status,0, cstack
 Tracked objects:
		On entry : 
		On exit  : 
		Unchanged: 
 Data sizes:     COMRAM   BANK0   BANK1   BANK2   BANK3   BANK4   BANK5
      Params:         0       0       0       0       0       0       0
      Locals:         0       0       0       0       0       0       0
      Temps:          0       0       0       0       0       0       0
      Totals:         0       0       0       0       0       0       0
Total ram usage:        0 bytes
 Hardware stack levels used:    1
 Hardware stack levels required when called:    1
 This function calls:
		_I2C_Idle
 This function is called by:
		_LM75_Read_Temp
 This function uses a non-reentrant model


 *************** function _I2C_RepeatedStart *****************
 Defined at:
		line 34 in file "my_i2c.c"
 Parameters:    Size  Location     Type
		None
 Auto vars:     Size  Location     Type
		None
 Return value:  Size  Location     Type
		None               void
 Registers used:
		wreg, status,2, status,0, cstack
 Tracked objects:
		On entry : 
		On exit  : 
		Unchanged: 
 Data sizes:     COMRAM   BANK0   BANK1   BANK2   BANK3   BANK4   BANK5
      Params:         0       0       0       0       0       0       0
      Locals:         0       0       0       0       0       0       0
      Temps:          0       0       0       0       0       0       0
      Totals:         0       0       0       0       0       0       0
Total ram usage:        0 bytes
 Hardware stack levels used:    1
 Hardware stack levels required when called:    1
 This function calls:
		_I2C_Idle
 This function is called by:
		_LM75_Read_Temp
 This function uses a non-reentrant model


 *************** function _I2C_ReadByte *****************
 Defined at:
		line 67 in file "my_i2c.c"
 Parameters:    Size  Location     Type
  acknowledge     1    wreg     unsigned char 
 Auto vars:     Size  Location     Type
  acknowledge     1    1[COMRAM] unsigned char 
  buffer_I2C      1    2[COMRAM] unsigned char 
 Return value:  Size  Location     Type
                  1    wreg      unsigned char 
 Registers used:
		wreg, status,2, status,0, cstack
 Tracked objects:
		On entry : 
		On exit  : 
		Unchanged: 
 Data sizes:     COMRAM   BANK0   BANK1   BANK2   BANK3   BANK4   BANK5
      Params:         0       0       0       0       0       0       0
      Locals:         2       0       0       0       0       0       0
      Temps:          0       0       0       0       0       0       0
      Totals:         2       0       0       0       0       0       0
Total ram usage:        2 bytes
 Hardware stack levels used:    1
 Hardware stack levels required when called:    1
 This function calls:
		_I2C_Idle
 This function is called by:
		_LM75_Read_Temp
 This function uses a non-reentrant model


 *************** function _I2C_Idle *****************
 Defined at:
		line 56 in file "my_i2c.c"
 Parameters:    Size  Location     Type
		None
 Auto vars:     Size  Location     Type
		None
 Return value:  Size  Location     Type
		None               void
 Registers used:
		wreg, status,2, status,0
 Tracked objects:
		On entry : 
		On exit  : 
		Unchanged: 
 Data sizes:     COMRAM   BANK0   BANK1   BANK2   BANK3   BANK4   BANK5
      Params:         0       0       0       0       0       0       0
      Locals:         0       0       0       0       0       0       0
      Temps:          1       0       0       0       0       0       0
      Totals:         1       0       0       0       0       0       0
Total ram usage:        1 bytes
 Hardware stack levels used:    1
 This function calls:
		Nothing
 This function is called by:
		_I2C_Start
		_I2C_RepeatedStart
		_I2C_Stop
		_I2C_ReadByte
		_I2C_WriteByte
 This function uses a non-reentrant model


 *************** function _I2C_Init *****************
 Defined at:
		line 9 in file "my_i2c.c"
 Parameters:    Size  Location     Type
  clock_output    1    wreg     unsigned char 
 Auto vars:     Size  Location     Type
  clock_output    1    0[COMRAM] unsigned char 
 Return value:  Size  Location     Type
		None               void
 Registers used:
		wreg, status,2, status,0
 Tracked objects:
		On entry : 
		On exit  : 
		Unchanged: 
 Data sizes:     COMRAM   BANK0   BANK1   BANK2   BANK3   BANK4   BANK5
      Params:         0       0       0       0       0       0       0
      Locals:         1       0       0       0       0       0       0
      Temps:          0       0       0       0       0       0       0
      Totals:         1       0       0       0       0       0       0
Total ram usage:        1 bytes
 Hardware stack levels used:    1
 This function calls:
		Nothing
 This function is called by:
		_main
 This function uses a non-reentrant model


 *************** function _I2C_Close *****************
 Defined at:
		line 62 in file "my_i2c.c"
 Parameters:    Size  Location     Type
		None
 Auto vars:     Size  Location     Type
		None
 Return value:  Size  Location     Type
		None               void
 Registers used:
		status,2, status,0
 Tracked objects:
		On entry : 
		On exit  : 
		Unchanged: 
 Data sizes:     COMRAM   BANK0   BANK1   BANK2   BANK3   BANK4   BANK5
      Params:         0       0       0       0       0       0       0
      Locals:         0       0       0       0       0       0       0
      Temps:          0       0       0       0       0       0       0
      Totals:         0       0       0       0       0       0       0
Total ram usage:        0 bytes
 Hardware stack levels used:    1
 This function calls:
		Nothing
 This function is called by:
		_main
 This function uses a non-reentrant model


 *************** function _Delay_ms *****************
 Defined at:
		line 11 in file "my_delays.c"
 Parameters:    Size  Location     Type
  count           2    0[COMRAM] unsigned int 
 Auto vars:     Size  Location     Type
  i               2    3[COMRAM] unsigned int 
 Return value:  Size  Location     Type
		None               void
 Registers used:
		wreg, status,2, status,0
 Tracked objects:
		On entry : 
		On exit  : 
		Unchanged: 
 Data sizes:     COMRAM   BANK0   BANK1   BANK2   BANK3   BANK4   BANK5
      Params:         2       0       0       0       0       0       0
      Locals:         2       0       0       0       0       0       0
      Temps:          1       0       0       0       0       0       0
      Totals:         5       0       0       0       0       0       0
Total ram usage:        5 bytes
 Hardware stack levels used:    1
 This function calls:
		Nothing
 This function is called by:
		_main
 This function uses a non-reentrant model



MODULE INFORMATION

Module		Function		Class		Link	Load	Size
D:\Arquivos de Programas\Microchip\xc8\v1.34\sources\common\Umul16.c
		___wmul        		CODE           	1E6C	0000	39

D:\Arquivos de Programas\Microchip\xc8\v1.34\sources\common\Umul16.c estimated size: 39

D:\Arquivos de Programas\Microchip\xc8\v1.34\sources\common\ftsub.c
		___ftsub       		CODE           	1D7A	0000	55

D:\Arquivos de Programas\Microchip\xc8\v1.34\sources\common\ftsub.c estimated size: 55

D:\Arquivos de Programas\Microchip\xc8\v1.34\sources\common\float.c
		___ftpack      		CODE           	19A8	0000	127

D:\Arquivos de Programas\Microchip\xc8\v1.34\sources\common\float.c estimated size: 127

my_i2c.c
		_I2C_Close     		CODE           	1F70	0000	5
		_I2C_Idle      		CODE           	1F08	0000	25
		_I2C_RepeatedSt		CODE           	1F5A	0000	13
		_I2C_Stop      		CODE           	1F42	0000	13
		_I2C_WriteByte 		CODE           	1E1A	0000	45
		_I2C_Init      		CODE           	1EEE	0000	27
		_I2C_ReadByte  		CODE           	1D3C	0000	63
		_I2C_Start     		CODE           	1F4E	0000	13

my_i2c.c estimated size: 204

lm75.c
		_LM75_regdata2f		CODE           	1C9A	0000	87
		_LM75_Read_Temp		CODE           	1BE8	0000	91

lm75.c estimated size: 178

D:\Arquivos de Programas\Microchip\xc8\v1.34\sources\common\llmod.c
		___llmod       		CODE           	1B86	0000	99

D:\Arquivos de Programas\Microchip\xc8\v1.34\sources\common\llmod.c estimated size: 99

D:\Arquivos de Programas\Microchip\xc8\v1.34\sources\common\fldivl.c
		__div_to_l_    		CODE           	15B2	0000	191

D:\Arquivos de Programas\Microchip\xc8\v1.34\sources\common\fldivl.c estimated size: 191

D:\Arquivos de Programas\Microchip\xc8\v1.34\sources\common\ftmul.c
		___ftmul       		CODE           	14E6	0000	191

D:\Arquivos de Programas\Microchip\xc8\v1.34\sources\common\ftmul.c estimated size: 191

D:\Arquivos de Programas\Microchip\xc8\v1.34\sources\common\awmod.c
		___awmod       		CODE           	1B1E	0000	105

D:\Arquivos de Programas\Microchip\xc8\v1.34\sources\common\awmod.c estimated size: 105

D:\Arquivos de Programas\Microchip\xc8\v1.34\sources\common\ftdiv.c
		___ftdiv       		CODE           	1670	0000	187

D:\Arquivos de Programas\Microchip\xc8\v1.34\sources\common\ftdiv.c estimated size: 187

D:\Arquivos de Programas\Microchip\xc8\v1.34\sources\common\awtoft.c
		___awtoft      		CODE           	1DB0	0000	55

D:\Arquivos de Programas\Microchip\xc8\v1.34\sources\common\awtoft.c estimated size: 55

D:\Arquivos de Programas\Microchip\xc8\v1.34\sources\common\lbmod.c
		___lbmod       		CODE           	1E46	0000	39

D:\Arquivos de Programas\Microchip\xc8\v1.34\sources\common\lbmod.c estimated size: 39

D:\Arquivos de Programas\Microchip\xc8\v1.34\sources\common\lldiv.c
		___lldiv       		CODE           	1AA8	0000	119

D:\Arquivos de Programas\Microchip\xc8\v1.34\sources\common\lldiv.c estimated size: 119

shared
		PL12           		CODE           	0D02	0000	15
		PL50           		CODE           	0FBC	0000	11
		PL8            		CODE           	0CC0	0000	23
		PL22           		CODE           	0F76	0000	31
		PL60           		CODE           	0D4E	0000	15
		PL32           		CODE           	1302	0000	25
		PL42           		CODE           	1330	0000	17
		PL14           		CODE           	0F40	0000	39
		PL52           		CODE           	1866	0000	15
		PL24           		CODE           	0F94	0000	15
		PL62           		CODE           	1A26	0000	11
		PL34           		CODE           	13D8	0000	25
		PL44           		CODE           	1406	0000	17
		PL16           		CODE           	0F66	0000	17
		PL54           		CODE           	0D40	0000	15
		PL26           		CODE           	0D24	0000	29
		__powers_      		SMALLCONST     	0628	0000	40
		PL36           		CODE           	131A	0000	23
		PL46           		CODE           	125A	0000	17
		_dpowers       		SMALLCONST     	064F	0000	41
		PL18           		CODE           	110A	0000	15
		PL56           		CODE           	1874	0000	15
		PL28           		CODE           	12EA	0000	25
		PL38           		CODE           	0FA2	0000	11
		PL48           		CODE           	0FAC	0000	17
		PL58           		CODE           	15A4	0000	15
		__npowers_     		SMALLCONST     	0601	0000	40
		__initializatio		CODE           	1F66	0000	1
		PL2            		CODE           	0F10	0000	25
		PL10           		CODE           	0CD6	0000	45
		PL4            		CODE           	0F28	0000	25
		PL20           		CODE           	0D10	0000	21
		PL30           		CODE           	13C0	0000	25
		PL6            		CODE           	0C84	0000	61
		PL40           		CODE           	13F0	0000	23

shared estimated size: 805

D:\Arquivos de Programas\Microchip\xc8\v1.34\sources\common\fttol.c
		___fttol       		CODE           	172A	0000	185

D:\Arquivos de Programas\Microchip\xc8\v1.34\sources\common\fttol.c estimated size: 185

D:\Arquivos de Programas\Microchip\xc8\v1.34\sources\common\doprnt.c
		_scale         		CODE           	0D5C	0000	437
		_sprintf       		CODE           	0690	0000	1525
		_fround        		CODE           	0FC6	0000	325

D:\Arquivos de Programas\Microchip\xc8\v1.34\sources\common\doprnt.c estimated size: 2287

D:\Arquivos de Programas\Microchip\xc8\v1.34\sources\common\awdiv.c
		___awdiv       		CODE           	1A30	0000	121

D:\Arquivos de Programas\Microchip\xc8\v1.34\sources\common\awdiv.c estimated size: 121

D:\Arquivos de Programas\Microchip\xc8\v1.34\sources\common\lltoft.c
		___lltoft      		CODE           	1CF0	0000	77

D:\Arquivos de Programas\Microchip\xc8\v1.34\sources\common\lltoft.c estimated size: 77

D:\Arquivos de Programas\Microchip\xc8\v1.34\sources\common\ftadd.c
		___ftadd       		CODE           	1118	0000	323

D:\Arquivos de Programas\Microchip\xc8\v1.34\sources\common\ftadd.c estimated size: 323

hd44780.c
		_Lcd_Init      		CODE           	17E2	0000	133
		_Lcd_Command   		CODE           	1340	0000	129
		_Lcd_Text      		CODE           	1920	0000	137
		_Lcd_Delay5us  		CODE           	1F20	0000	19
		_Lcd_CharCP    		CODE           	126A	0000	129
		_Lcd_Delay5500u		CODE           	1F32	0000	17

hd44780.c estimated size: 564

D:\Arquivos de Programas\Microchip\xc8\v1.34\sources\common\ftge.c
		___ftge        		CODE           	1C42	0000	89

D:\Arquivos de Programas\Microchip\xc8\v1.34\sources\common\ftge.c estimated size: 89

my_delays.c
		_Delay_ms      		CODE           	1E92	0000	39

my_delays.c estimated size: 39

D:\Arquivos de Programas\Microchip\xc8\v1.34\sources\common\isdigit.c
		_isdigit       		CODE           	1EB8	0000	29

D:\Arquivos de Programas\Microchip\xc8\v1.34\sources\common\isdigit.c estimated size: 29

D:\Arquivos de Programas\Microchip\xc8\v1.34\sources\common\lbdiv.c
		___lbdiv       		CODE           	1DE6	0000	53

D:\Arquivos de Programas\Microchip\xc8\v1.34\sources\common\lbdiv.c estimated size: 53

main.c
		_main          		CODE           	1882	0000	159

main.c estimated size: 159

D:\Arquivos de Programas\Microchip\xc8\v1.34\sources\common\ftdivl.c
		__tdiv_to_l_   		CODE           	1416	0000	209

D:\Arquivos de Programas\Microchip\xc8\v1.34\sources\common\ftdivl.c estimated size: 209

D:\Arquivos de Programas\Microchip\xc8\v1.34\sources\common\ftneg.c
		___ftneg       		CODE           	1ED4	0000	27

D:\Arquivos de Programas\Microchip\xc8\v1.34\sources\common\ftneg.c estimated size: 27

